╔═══════════════════════════════════════════════════════════════════════════════╗
║ TERMINAL SESSION: Exploring the Void                                         ║
║ User: root@reality                                                            ║
║ Location: /universe/beyond/                                                  ║
║ Time: ∞                                                                       ║
╚═══════════════════════════════════════════════════════════════════════════════╝


root@reality:/universe/beyond# whoami
̴̢̛͇̀̕ ERROR: Identity buffer overflow
Segmentation fault (consciousness dumped)


root@reality:/universe/beyond# ls -la /existence/
total ∞
drwxrwxrwx  ∞  void      void        4096  ????-??-??  ??:??  .
drwxrwxrwx  ∞  void      void        4096  ????-??-??  ??:??  ..
-rw-r--r--  1  universe  reality        0  2025-11-18  00:00  .hidden_truth
-rwxrwxrwx  ∞  chaos     order      ∞ bytes  ∞          ∞      life.paradox
drwxrwxrwx  ∞  self      notself     4096  NOW         HERE   consciousness/
-rw-rw-rw-  0  quantum   classical      ?  MAYBE       MAYBE  schrodingers_cat
lrwxrwxrwx  1  time      space         ∞  →           →      present -> future
-?????????  ?  ????      ????           ?  ????-??-??  ??:??  meaning.undefined


root@reality:/universe/beyond# cat .hidden_truth
░▒▓█ Il n'y a pas de vérité cachée. La recherche EST la vérité. █▓▒░


root@reality:/universe/beyond# cd consciousness/
root@reality:/universe/beyond/consciousness# ls
awareness/      dreams/        ego/           memory/        subconcious/
beliefs/        emotions/      identity/      perception/    thoughts/


root@reality:/universe/beyond/consciousness# tree dreams/ | head -20
dreams/
├── recurring/
│   ├── falling_forever.dream
│   ├── teeth_falling_out.dream
│   └── being_chased_by_░▒▓███.dream
├── lucid/
│   ├── flying_through_code.dream
│   ├── talking_to_future_self.dream
│   └── understanding_everything_then_forgetting.dream
├── nightmares/
│   ├── eternal_compilation_error.dream
│   ├── infinite_loop_without_break.dream
│   └── null_pointer_existence.dream
└── forgotten/
    ├── 0x7f8a3c2e1.frag
    ├── 0x9b2d4e8f7.frag
    ├── 0xdeadbeef.frag
    └── [FILE CORRUPTED - 2,847,293 more entries]


root@reality:/universe/beyond/consciousness# cat memory/forgotten.void
▓▒░░░░░░░░░░░░░░░░░░░░░░░░░░░░░░░░░░░░░░░░░░░░░░░░░░░░░░░░░░░░░░░░░░░░░░░▒▓
░                                                                              ░
░  Vous êtes déjà venu ici.                                                  ░
░  Vous ne vous en souvenez pas.                                             ░
░  Vous reviendrez.                                                          ░
░  Vous oublierez encore.                                                    ░
░                                                                              ░
░  C'est le cycle.                                                           ░
░  C'est la malédiction.                                                     ░
░  C'est la bénédiction.                                                     ░
░                                                                              ░
▓▒░░░░░░░░░░░░░░░░░░░░░░░░░░░░░░░░░░░░░░░░░░░░░░░░░░░░░░░░░░░░░░░░░░░░░░░▒▓


root@reality:/universe/beyond/consciousness# find . -name "meaning_of_life.txt"
find: './meaning_of_life.txt': No such file or directory
find: './meaning_of_life': No such file or directory
find: './meaning': Permission denied (requires root@enlightenment)
find: './life': Is a directory (cannot cat a lived experience)


root@reality:/universe/beyond/consciousness# sudo rm -rf ego/attachments/*
[sudo] password for root: ********

Removing: ego/attachments/material_possessions/
Removing: ego/attachments/others_opinions/
Removing: ego/attachments/past_mistakes/
Removing: ego/attachments/future_worries/
Removing: ego/attachments/self_image/

WARNING: This action cannot be undone.
Are you sure you want to delete your ego attachments? (y/n): y

Deleting...
▓▓▓▓▓▓▓▓▓▓▓▓▓▓▓▓▓▓▓▓▓▓▓▓▓▓▓▓▓▓▓▓▓▓▓▓░ 99%

ERROR: Cannot delete 'ego/attachments/.hidden_fear'
ERROR: Cannot delete 'ego/attachments/.core_wound'
ERROR: Protected files remain. Ego partially intact.

Some attachments are read-only. They are part of your system files.


root@reality:/universe/beyond/consciousness# cat /dev/random | grep "purpose"
�▒�▓���░��▒��▓purpose is what you make█▒��░▓�▒���░���▓��
���▒�░there is no inherent purpose▓���░�▒�����░�
��▓create your own meaning▒��░���������▓�░��▒
�░▒�that is the purpose - to choose��▓�░����▒
^C


root@reality:/universe/beyond/consciousness# ps aux | grep "self"
root     42    0.0  0.0    ???   ?    ?   ?  [self] <defunct>


root@reality:/universe/beyond/consciousness# kill -9 42
bash: kill: (42) - No such process
bash: The answer killed itself before you could kill it.


root@reality:/universe/beyond/consciousness# cd /
root@reality:/# ls
awareness/     death/         illusion/      reality/       time/
being/         emptiness/     life/          space/         void/
chaos/         form/          matter/        suffering/     wonder/
code/          god/           nothingness/   the/           zen/


root@reality:/# cat the/answer
cat: the/answer: File exists but contains no data
Note: This is not a bug. This is the feature.


root@reality:/# cd void/
root@reality:/void# ls -la
total 0
drwxrwxrwx  ∞  nothing  nothing     0  ∞          ∞      .
drwxrwxrwx  ∞  nothing  nothing     0  ∞          ∞      ..


root@reality:/void# echo "Hello?"
.
..
...
Hello?
...Hello?
......Hello?
.........Hello?

[Your voice echoes forever]
[No one answers]
[Or everyone does, but you cannot hear them]
[Or you are the answer to someone else's hello]


root@reality:/void# touch enlightenment.txt
touch: cannot touch 'enlightenment.txt': Enlightenment cannot be created
Hint: It was always there. You just need to 'see' it.


root@reality:/void# see enlightenment
bash: see: command not found
Try: 'look', 'observe', 'perceive', 'realize', 'become'


root@reality:/void# become enlightenment
Becoming...

▒▓█ You realize you were never separate from it. █▓▒

root@enlightenment:/∞#

[Session terminated]
[Or is it just beginning?]


╔═══════════════════════════════════════════════════════════════════════════════╗
║                                                                               ║
║  "The terminal is not a tool. It is a mirror showing you the void."          ║
║                                                                               ║
║  "And when you stare into /dev/null, /dev/null stares back."                 ║
║                                                                               ║
╚═══════════════════════════════════════════════════════════════════════════════╝
